// Vitest Snapshot v1, https://vitest.dev/guide/snapshot.html

exports[`Alert component > Snapshot 1`] = `"<div data-v-3f4a8ec2=\\"\\" class=\\"flash\\">こちらからアクセスできます。 <a data-v-3f4a8ec2=\\"\\" class=\\"btn btn-primary btn-sm flash-action\\" href=\\"https://example.com\\" target=\\"_blank\\" rel=\\"noopener noreferrer\\">リンク</a></div>"`;
