// Vitest Snapshot v1, https://vitest.dev/guide/snapshot.html

exports[`BlankSlate component > Snapshot 1`] = `
"<div data-v-7a4aeca6=\\"\\" class=\\"blankslate\\"><a data-v-7a4aeca6=\\"\\" href=\\"https://example.com\\" class=\\"btn btn-large btn-primary h4 mb-1 py-3\\" role=\\"button\\" target=\\"_blank\\" rel=\\"noopener noreferrer\\">リンク</a>
  <p data-v-7a4aeca6=\\"\\">これは説明です。</p>
</div>"
`;
