// Vitest Snapshot v1, https://vitest.dev/guide/snapshot.html

exports[`SkillCard component > Snapshot 1`] = `
"<div data-v-1f28ad9d=\\"\\" class=\\"Box text-center py-3 skill-excellent\\">
  <h3 data-v-1f28ad9d=\\"\\" class=\\"mb-3\\">Excellent</h3>
  <div data-v-1f28ad9d=\\"\\" data-test=\\"items\\"><span data-v-1f28ad9d=\\"\\" class=\\"mx-1 nobreak\\" data-test=\\"item\\">item1</span><span data-v-1f28ad9d=\\"\\" class=\\"mx-1 nobreak\\" data-test=\\"item\\">item2</span><span data-v-1f28ad9d=\\"\\" class=\\"mx-1 nobreak\\" data-test=\\"item\\">item3</span></div>
</div>"
`;
